// Jest Snapshot v1, https://goo.gl/fbAQLP

exports[`init should return the initial settings state 1`] = `
Object {
  "all": Array [],
  "subscriptionId": null,
}
`;
