// Jest Snapshot v1, https://goo.gl/fbAQLP

exports[`notNull.default 0 1`] = `true`;

exports[`notNull.default 1 1`] = `false`;
