// Jest Snapshot v1, https://goo.gl/fbAQLP

exports[`NotificationManager.NotificationManager.isInitialized 0 1`] = `true`;
