// Jest Snapshot v1, https://goo.gl/fbAQLP

exports[`index.Touch.created 0 1`] = `undefined`;
