// Jest Snapshot v1, https://goo.gl/fbAQLP

exports[`state.default 0 1`] = `
Object {
  "query": "",
  "result": null,
}
`;
