// Jest Snapshot v1, https://goo.gl/fbAQLP

exports[`init gets the constant 1`] = `
Object {
  "astrobunny": Object {
    "artist": "John Treanor",
    "description": "Short description can go here. Lorem ipsum.",
    "id": "0123",
    "name": "Astrobunny",
    "stickerURLs": Array [
      "glyphs/astrobunny/$1/AHH.gif",
      "glyphs/astrobunny/$1/AHHcloseup.gif",
      "glyphs/astrobunny/$1/Coy_02.gif",
      "glyphs/astrobunny/$1/Cry.gif",
      "glyphs/astrobunny/$1/Cry2.gif",
      "glyphs/astrobunny/$1/Laugh.webp",
      "glyphs/astrobunny/$1/Luv.gif",
      "glyphs/astrobunny/$1/Luv_02.gif",
      "glyphs/astrobunny/$1/Sad3.gif",
      "glyphs/astrobunny/$1/ThumbsDownNew.gif",
      "glyphs/astrobunny/$1/ThumbsUP.gif",
      "glyphs/astrobunny/$1/ThumbsUPNew.gif",
    ],
  },
  "birds": Object {
    "artist": "Dina Brodsky",
    "description": "Short description can go here. Lorem ipsum.",
    "id": "0903",
    "name": "Birds",
    "stickerURLs": Array [
      "glyphs/birds/$1/hawk.webp",
      "glyphs/birds/$1/ducklings.webp",
      "glyphs/birds/$1/owl.webp",
      "glyphs/birds/$1/penguins.webp",
      "glyphs/birds/$1/robin.webp",
      "glyphs/birds/$1/stork.webp",
      "glyphs/birds/$1/yellow_bird.webp",
    ],
  },
  "blackcat": Object {
    "artist": "Dan Tavis",
    "description": "Short description can go here. Lorem ipsum.",
    "id": "k321r",
    "name": "Black Cat",
    "stickerURLs": Array [
      "glyphs/black_cat/$1/Black-Cat-Attention-2.webp",
      "glyphs/black_cat/$1/Cat-+-Flowers.webp",
      "glyphs/black_cat/$1/Cat-Vs-Yarn-%28cover%29.webp",
      "glyphs/black_cat/$1/Fluff.webp",
      "glyphs/black_cat/$1/Sleep-Day%20%284%29.webp",
      "glyphs/black_cat/$1/Thumbs-Up-Cat.webp",
    ],
  },
  "food": Object {
    "artist": "Lya",
    "description": "Short description can go here. Lorem ipsum.",
    "id": "jdsoer",
    "name": "Food",
    "stickerURLs": Array [
      "glyphs/lya/$1/Beer.gif",
      "glyphs/lya/$1/Toast.gif",
      "glyphs/lya/$1/chocolate_angry.gif",
      "glyphs/lya/$1/chocolate_cute.gif",
      "glyphs/lya/$1/coconut_cute.gif",
      "glyphs/lya/$1/coconut_rude.gif",
      "glyphs/lya/$1/coffee_cute.gif",
      "glyphs/lya/$1/coffee_rude.gif",
      "glyphs/lya/$1/croissant2.gif",
      "glyphs/lya/$1/croissant1.gif",
      "glyphs/lya/$1/fries.gif",
      "glyphs/lya/$1/onigiri.gif",
    ],
  },
  "genshin": Object {
    "artist": "John Treanor",
    "description": "Short description can go here. Lorem ipsum.",
    "id": "001",
    "name": "Genshin Impact 1",
    "stickerURLs": Array [
      "glyphs/genshin_1/$1/JohnTreanor_GenshinImpactFood_01.webp",
      "glyphs/genshin_1/$1/JohnTreanor_GenshinImpactFood_02.webp",
      "glyphs/genshin_1/$1/JohnTreanor_GenshinImpactFood_03.webp",
      "glyphs/genshin_1/$1/JohnTreanor_GenshinImpactFood_04.webp",
      "glyphs/genshin_1/$1/JohnTreanor_GenshinImpactFood_05.webp",
      "glyphs/genshin_1/$1/JohnTreanor_GenshinImpactFood_06.webp",
      "glyphs/genshin_1/$1/JohnTreanor_GenshinImpactFood_07.webp",
      "glyphs/genshin_1/$1/JohnTreanor_GenshinImpactFood_08.webp",
      "glyphs/genshin_1/$1/JohnTreanor_GenshinImpactFood_09.webp",
    ],
  },
  "genshinTwo": Object {
    "artist": "John Treanor",
    "description": "Short description can go here. Lorem ipsum.",
    "id": "002",
    "name": "Genshin Impact 2",
    "stickerURLs": Array [
      "glyphs/genshin_2/$1/JohnTreanor_GenshinImpactFood_10.webp",
      "glyphs/genshin_2/$1/JohnTreanor_GenshinImpactFood_11.webp",
      "glyphs/genshin_2/$1/JohnTreanor_GenshinImpactFood_12.webp",
      "glyphs/genshin_2/$1/JohnTreanor_GenshinImpactFood_13.webp",
      "glyphs/genshin_2/$1/JohnTreanor_GenshinImpactFood_14.webp",
      "glyphs/genshin_2/$1/JohnTreanor_GenshinImpactFood_15.webp",
      "glyphs/genshin_2/$1/JohnTreanor_GenshinImpactFood_16.webp",
      "glyphs/genshin_2/$1/JohnTreanor_GenshinImpactFood_17.webp",
      "glyphs/genshin_2/$1/JohnTreanor_GenshinImpactFood_18.webp",
      "glyphs/genshin_2/$1/JohnTreanor_GenshinImpactFood_19.webp",
      "glyphs/genshin_2/$1/JohnTreanor_GenshinImpactFood_20.webp",
      "glyphs/genshin_2/$1/JohnTreanor_GenshinImpactFood_21.webp",
    ],
  },
  "grimreaper": Object {
    "artist": "LAM",
    "description": "Short description can go here. Lorem ipsum.",
    "id": "012312",
    "name": "Grim Reaper",
    "stickerURLs": Array [
      "glyphs/grim_reaper/$1/1.webp",
      "glyphs/grim_reaper/$1/2.webp",
      "glyphs/grim_reaper/$1/3.webp",
      "glyphs/grim_reaper/$1/4.webp",
      "glyphs/grim_reaper/$1/5.webp",
      "glyphs/grim_reaper/$1/6.webp",
    ],
  },
  "marshmellow": Object {
    "artist": "John Treanor",
    "description": "Short description can go here. Lorem ipsum.",
    "id": "012312c",
    "name": "Marshmello",
    "stickerURLs": Array [
      "glyphs/marshmello/$1/Ahhhhh.gif",
      "glyphs/marshmello/$1/Emoji_01.webp",
      "glyphs/marshmello/$1/Emoji_02.webp",
      "glyphs/marshmello/$1/Emoji_03.webp",
      "glyphs/marshmello/$1/Emoji_04.webp",
      "glyphs/marshmello/$1/Emoji_05.webp",
      "glyphs/marshmello/$1/Emoji_06.webp",
      "glyphs/marshmello/$1/Emoji_07.webp",
      "glyphs/marshmello/$1/Emoji_08.webp",
      "glyphs/marshmello/$1/Emoji_09.webp",
      "glyphs/marshmello/$1/Emoji_10.webp",
      "glyphs/marshmello/$1/Emoji_11.webp",
      "glyphs/marshmello/$1/Emoji_12.webp",
      "glyphs/marshmello/$1/Emoji_13.webp",
      "glyphs/marshmello/$1/HellYea.gif",
      "glyphs/marshmello/$1/Luv.gif",
      "glyphs/marshmello/$1/spark.gif",
    ],
  },
  "starWars": Object {
    "artist": "John Treanor",
    "description": "Short description can go here. Lorem ipsum.",
    "id": "0053",
    "name": "Star Wars",
    "stickerURLs": Array [
      "glyphs/star_wars/$1/JohnTreanor_StarWarsPack_01.webp",
      "glyphs/star_wars/$1/JohnTreanor_StarWarsPack_02.webp",
      "glyphs/star_wars/$1/JohnTreanor_StarWarsPack_03.webp",
      "glyphs/star_wars/$1/JohnTreanor_StarWarsPack_04.webp",
      "glyphs/star_wars/$1/JohnTreanor_StarWarsPack_05.webp",
      "glyphs/star_wars/$1/JohnTreanor_StarWarsPack_06.webp",
      "glyphs/star_wars/$1/JohnTreanor_StarWarsPack_07.webp",
      "glyphs/star_wars/$1/JohnTreanor_StarWarsPack_08.webp",
      "glyphs/star_wars/$1/JohnTreanor_StarWarsPack_09.webp",
    ],
  },
}
`;
