// Jest Snapshot v1, https://goo.gl/fbAQLP

exports[`mutations.default.setConversation 0 1`] = `undefined`;

exports[`mutations.default.setConversation 1 1`] = `undefined`;

exports[`mutations.default.setConversation 2 1`] = `undefined`;

exports[`mutations.default.setConversation 3 1`] = `undefined`;

exports[`mutations.default.setConversation 4 1`] = `undefined`;

exports[`mutations.default.setConversation 5 1`] = `undefined`;
