// Jest Snapshot v1, https://goo.gl/fbAQLP

exports[`Emitter.default.on 0 1`] = `undefined`;

exports[`Emitter.default.on 1 1`] = `undefined`;

exports[`Emitter.default.on 2 1`] = `undefined`;
